// Jest Snapshot v1, https://goo.gl/fbAQLP

exports[`<CarDetailsActionBar /> spec renders the component 1`] = `undefined`;
