// Jest Snapshot v1, https://goo.gl/fbAQLP

exports[`<TopNav /> spec renders the component 1`] = `undefined`;
