// Jest Snapshot v1, https://goo.gl/fbAQLP

exports[`<CarDetails /> spec renders the component 1`] = `undefined`;
