// Jest Snapshot v1, https://goo.gl/fbAQLP

exports[`<FilterBar /> spec renders the component 1`] = `undefined`;
